Watching for file changes with StatReloader
/Users/teyji/Teyji.developer/Tosol/backend/appbackend/views.py:210: SyntaxWarning: 'return' in a 'finally' block
  return JsonResponse(resp)
/Users/teyji/Teyji.developer/Tosol/backend/appbackend/auth.py:99: SyntaxWarning: 'return' in a 'finally' block
  return JsonResponse(resp)
/Users/teyji/Teyji.developer/Tosol/backend/appbackend/auth.py:294: SyntaxWarning: 'return' in a 'finally' block
  return JsonResponse(resp)
/Users/teyji/Teyji.developer/Tosol/backend/appbackend/auth.py:361: SyntaxWarning: 'return' in a 'finally' block
  return JsonResponse(resp)
/Users/teyji/Teyji.developer/Tosol/backend/appbackend/auth.py:421: SyntaxWarning: 'return' in a 'finally' block
  return JsonResponse(resp)
/Users/teyji/Teyji.developer/Tosol/backend/appbackend/edituser.py:119: SyntaxWarning: 'return' in a 'finally' block
  return resp # response bustaaj baina
/Users/teyji/Teyji.developer/Tosol/backend/appbackend/edituser.py:248: SyntaxWarning: 'return' in a 'finally' block
  return resp # response bustaaj baina
/Users/teyji/Teyji.developer/Tosol/backend/appbackend/edituser.py:342: SyntaxWarning: 'return' in a 'finally' block
  return resp # response bustaaj baina
[21/Dec/2025 10:03:29] "OPTIONS /user/ HTTP/1.1" 200 0
[21/Dec/2025 10:03:29] "OPTIONS /user/ HTTP/1.1" 200 0
[21/Dec/2025 10:03:29] "POST /user/ HTTP/1.1" 200 1449
Internal Server Error: /user/
Traceback (most recent call last):
  File "/Users/teyji/Teyji.developer/Tosol/backend/venv/lib/python3.14/site-packages/django/core/handlers/exception.py", line 55, in inner
    response = get_response(request)
  File "/Users/teyji/Teyji.developer/Tosol/backend/venv/lib/python3.14/site-packages/django/core/handlers/base.py", line 197, in _get_response
    response = wrapped_callback(request, *callback_args, **callback_kwargs)
  File "/Users/teyji/Teyji.developer/Tosol/backend/venv/lib/python3.14/site-packages/django/views/decorators/csrf.py", line 65, in _view_wrapper
    return view_func(request, *args, **kwargs)
  File "/Users/teyji/Teyji.developer/Tosol/backend/appbackend/views.py", line 47, in checkService
    return properties.dt_getturul(request)
           ~~~~~~~~~~~~~~~~~~~~~~^^^^^^^^^
  File "/Users/teyji/Teyji.developer/Tosol/backend/appbackend/properties.py", line 21, in dt_getturul
    myConn = connectDB()
  File "/Users/teyji/Teyji.developer/Tosol/backend/backend/settings.py", line 269, in connectDB
    conn = psycopg2.connect (
        host = 'localhost', #server host
    ...<4 lines>...
        port = '5938', # postgre port
    )
  File "/Users/teyji/Teyji.developer/Tosol/backend/venv/lib/python3.14/site-packages/psycopg2/__init__.py", line 122, in connect
    conn = _connect(dsn, connection_factory=connection_factory, **kwasync)
psycopg2.OperationalError: connection to server at "localhost" (::1), port 5938 failed: Connection refused
	Is the server running on that host and accepting TCP/IP connections?
connection to server at "localhost" (127.0.0.1), port 5938 failed: Connection refused
	Is the server running on that host and accepting TCP/IP connections?

[21/Dec/2025 10:03:29] "POST /user/ HTTP/1.1" 500 81144
[21/Dec/2025 10:04:12] "OPTIONS /user/ HTTP/1.1" 200 0
Internal Server Error: /user/
Traceback (most recent call last):
  File "/Users/teyji/Teyji.developer/Tosol/backend/venv/lib/python3.14/site-packages/django/core/handlers/exception.py", line 55, in inner
    response = get_response(request)
  File "/Users/teyji/Teyji.developer/Tosol/backend/venv/lib/python3.14/site-packages/django/core/handlers/base.py", line 197, in _get_response
    response = wrapped_callback(request, *callback_args, **callback_kwargs)
  File "/Users/teyji/Teyji.developer/Tosol/backend/venv/lib/python3.14/site-packages/django/views/decorators/csrf.py", line 65, in _view_wrapper
    return view_func(request, *args, **kwargs)
  File "/Users/teyji/Teyji.developer/Tosol/backend/appbackend/views.py", line 47, in checkService
    return properties.dt_getturul(request)
           ~~~~~~~~~~~~~~~~~~~~~~^^^^^^^^^
  File "/Users/teyji/Teyji.developer/Tosol/backend/appbackend/properties.py", line 21, in dt_getturul
    myConn = connectDB()
  File "/Users/teyji/Teyji.developer/Tosol/backend/backend/settings.py", line 269, in connectDB
    conn = psycopg2.connect (
        host = 'localhost', #server host
    ...<4 lines>...
        port = '5938', # postgre port
    )
  File "/Users/teyji/Teyji.developer/Tosol/backend/venv/lib/python3.14/site-packages/psycopg2/__init__.py", line 122, in connect
    conn = _connect(dsn, connection_factory=connection_factory, **kwasync)
psycopg2.OperationalError: connection to server at "localhost" (::1), port 5938 failed: Connection refused
	Is the server running on that host and accepting TCP/IP connections?
connection to server at "localhost" (127.0.0.1), port 5938 failed: Connection refused
	Is the server running on that host and accepting TCP/IP connections?

[21/Dec/2025 10:04:13] "POST /user/ HTTP/1.1" 500 81145
